
1) git init
2) git status
	Red files = untrack/unstage 
3) git add (specific file name)
4) git add . (all files to be commit)
5) git status
	Green files = track/stage 
6) git rm --cached (filename)
	removing files from stagging/Tracking area
7) git commit -m "message"
8) git log 
9) git status 
	On branch master
	nothing to commit, working tree clean
10) git config --global user.name "example"
11) git config --global user.email "example@gmail.com"
12) git branch -M main
13) git remote add origin -u -------
14) git puch -u origin 

Authanticate with login 

15) git branch (Branch name)  => create a new branch
16) git checkout (Branch name) => Converting branch 