
1) git init
2) git status
	Red files = untrack/unstage 
3) git add (specific file name)
4) git add . (all files to be commit)
5) git status
	Green files = track/stage 
6) git em --cached (filename)
	removing files from stagging/Tracking area
7) git commit -m "message"
8) git log 
9) git status 
	On branch master
	nothing to commit, working tree clean
